$ concurrently "bun run --cwd server dev" "bun run --cwd src dev"
[0] $ bun run --watch index.ts
[1] $ next dev
[0] Dungeon generated in 3 attempts.
[0] Generated Level with 15 rooms
[0] Server listening on port 3001
[1] ⚠ Warning: Next.js inferred your workspace root, but it may not be correct.
[1]  We detected multiple lockfiles and selected the directory of /app/bun.lockb as the root directory.
[1]  To silence this warning, set `turbopack.root` in your Next.js config, or consider removing one of the lockfiles if it's not needed.
[1]    See https://nextjs.org/docs/app/api-reference/config/next-config-js/turbopack#root-directory for more information.
[1]  Detected additional lockfiles:
[1]    * /app/src/bun.lockb
[1]
[1] ▲ Next.js 16.1.1 (Turbopack)
[1] - Local:         http://localhost:3000
[1] - Network:       http://192.168.0.2:3000
[1]
[1] ✓ Starting...
[1] Attention: Next.js now collects completely anonymous telemetry regarding usage.
[1] This information is used to shape Next.js' roadmap and prioritize features.
[1] You can learn more, including how to opt-out if you'd not like to participate in this anonymous program, by visiting the following URL:
[1] https://nextjs.org/telemetry
[1]
[1] ✓ Ready in 1055ms
[1] ○ Compiling / ...
[1]  GET / 200 in 11.5s (compile: 10.9s, render: 545ms)
