$ next dev
⚠ Warning: Next.js inferred your workspace root, but it may not be correct.
 We detected multiple lockfiles and selected the directory of /app/bun.lockb as the root directory.
 To silence this warning, set `turbopack.root` in your Next.js config, or consider removing one of the lockfiles if it's not needed.
   See https://nextjs.org/docs/app/api-reference/config/next-config-js/turbopack#root-directory for more information.
 Detected additional lockfiles:
   * /app/src/bun.lockb

▲ Next.js 16.1.1 (Turbopack)
- Local:         http://localhost:3000
- Network:       http://192.168.0.2:3000

✓ Starting...
✓ Ready in 1040ms
 GET / 200 in 2.7s (compile: 2.2s, render: 469ms)
 GET / 200 in 71ms (compile: 6ms, render: 66ms)
 GET / 200 in 69ms (compile: 4ms, render: 65ms)
 GET / 200 in 60ms (compile: 4ms, render: 56ms)
 GET / 200 in 59ms (compile: 5ms, render: 54ms)
 GET / 200 in 334ms (compile: 75ms, render: 259ms)
 GET / 200 in 53ms (compile: 4ms, render: 50ms)
 GET / 200 in 297ms (compile: 61ms, render: 236ms)
 GET / 200 in 317ms (compile: 72ms, render: 245ms)
 GET / 200 in 342ms (compile: 88ms, render: 254ms)
Rendering SettingsMenu
 GET / 200 in 348ms (compile: 76ms, render: 272ms)
 GET / 200 in 286ms (compile: 55ms, render: 231ms)
 GET / 200 in 65ms (compile: 4ms, render: 60ms)
 GET / 200 in 303ms (compile: 60ms, render: 243ms)
 GET / 200 in 57ms (compile: 3ms, render: 53ms)
✓ Compiled in 486ms
 GET / 200 in 2.4s (compile: 464ms, render: 1887ms)
